// Vitest Snapshot v1, https://vitest.dev/guide/snapshot.html

exports[`renders as expected 1`] = `
"<form enctype=\\"multipart/form-data\\" disabled=\\"false\\">
  <div class=\\"flex flex-col items-center justify-center min-h-screen gap-10 bg-gray-200\\">
    <div class=\\"flex flex-col w-[70%] max-w-[900px]\\">
      <div class=\\"flex flex-col items-center p-4 rounded-lg bg-gray-50 min-w-[300px]\\">
        <div class=\\"flex flex-col justify-between w-full h-24 mb-5 text-gray-600 self-baseline\\">
          <h1 class=\\"self-center text-xl\\">Files Upload</h1>
          <div class=\\"flex justify-between\\">
            <div class=\\"flex items-center w-full\\"> Files allowed: <span><img class=\\"w-12 h-12 ml-2\\" src=\\"/resources/assets/csv-icon.png\\" alt=\\"\\"></span></div>
          </div>
        </div>
        <div class=\\"z-50 flex items-center text-center justify-center w-full p-4 text-2xl text-gray-400 bg-white border-4 border-dashed border-blue-400 rounded-lg h-[400px]\\"><input type=\\"file\\" name=\\"file\\" id=\\"file\\" hidden=\\"\\" accept=\\".csv\\"> Drag &amp; drop here or select file below</div>
        <transition-stub name=\\"fade\\" appear=\\"false\\" persisted=\\"false\\" css=\\"true\\">
          <!--v-if-->
        </transition-stub>
        <!--v-if-->
        <div class=\\"flex flex-col justify-between w-full md:flex-row mt-14\\"><label class=\\"w-full px-4 py-2 mb-2 mr-2 text-lg text-center text-white bg-blue-400 rounded-lg cursor-pointer md:mb-0 md:w-48 hover:bg-blue-600 active:bg-blue-900\\" for=\\"file\\">Select file</label><button disabled=\\"\\" type=\\"submit\\" class=\\"w-full px-4 py-2 text-lg text-center text-white bg-green-400 border-none rounded-lg cursor-pointer md:w-48 hover:bg-green-600 active:bg-green-800 disabled:opacity-30 disabled:hover:bg-green-400\\"> Upload </button></div>
      </div>
      <div class=\\"mt-10 text-center\\" style=\\"display: none;\\"> Uploading data... </div>
    </div>
  </div>
  <div class=\\"flex justify-center w-full bg-gray-200 -mt-[100px]\\">
    <div class=\\"w-[70%] max-w-[900px]\\">
      <!--v-if-->
    </div>
  </div>
</form>"
`;
